/home/bxs/97-IT4210E/Core/Src/main.c:1014:13:SPI5_Write	1
/home/bxs/97-IT4210E/Core/Src/main.c:1126:6:StartDefaultTask	1
/home/bxs/97-IT4210E/Core/Src/main.c:1144:6:StartControllerTask	1
/home/bxs/97-IT4210E/Core/Src/main.c:271:6:SystemClock_Config	1
/home/bxs/97-IT4210E/Core/Src/main.c:173:5:main	2
/home/bxs/97-IT4210E/Core/Src/main.c:858:6:IOE_Init	1
/home/bxs/97-IT4210E/Core/Src/main.c:867:6:IOE_ITConfig	1
/home/bxs/97-IT4210E/Core/Src/main.c:879:6:IOE_Write	1
/home/bxs/97-IT4210E/Core/Src/main.c:890:9:IOE_Read	1
/home/bxs/97-IT4210E/Core/Src/main.c:903:10:IOE_ReadMultiple	1
/home/bxs/97-IT4210E/Core/Src/main.c:912:6:IOE_Delay	1
/home/bxs/97-IT4210E/Core/Src/main.c:1040:6:LCD_IO_Init	1
/home/bxs/97-IT4210E/Core/Src/main.c:1050:6:LCD_IO_WriteData	1
/home/bxs/97-IT4210E/Core/Src/main.c:1066:6:LCD_IO_WriteReg	1
/home/bxs/97-IT4210E/Core/Src/main.c:1085:10:LCD_IO_ReadData	1
/home/bxs/97-IT4210E/Core/Src/main.c:1112:6:LCD_Delay	1
/home/bxs/97-IT4210E/Core/Src/main.c:1176:6:HAL_TIM_PeriodElapsedCallback	2
/home/bxs/97-IT4210E/Core/Src/main.c:1194:6:Error_Handler	1
